ASxxxx Linker V03.00 + NoICE + sdld,  page 1.
Hexadecimal  [32-Bits]

Area                                    Addr        Size        Decimal Bytes (Attributes)
--------------------------------        ----        ----        ------- ----- ------------
.  .ABS.                            00000000    00000000 =           0. bytes (ABS,CON)

      Value  Global                              Global Defined In Module
      -----  --------------------------------   ------------------------
     00000000  .__.ABS.                           
     00000000  l__BSS                          
     00000000  l__CABS                         
     00000000  l__DABS                         
     00000000  l__DATA                         
     00000000  l__GSINIT                       
     00000000  l__HEADER                       
     00000000  l__HEAP                         
     00000000  l__HOME                         
     00000000  l__INITIALIZED                  
     00000000  l__INITIALIZER                  
     00000000  s__CABS                         
     00000000  s__DABS                         
     00000000  s__HEADER                       
     00000000  s__HEADER0                      
     00000001  l__GSFINAL                      
     00000006  l__HEADER0                      
     00000B4E  l__CODE                         
     00007CE3  s__CODE                         
     00008831  s__GSFINAL                      
     00008831  s__GSINIT                       
     00008831  s__HOME                         
     0000D200  s__BSS                          
     0000D200  s__DATA                         
     0000D200  s__HEAP                         
     0000D200  s__INITIALIZED                  
     0000D200  s__INITIALIZER                  
ASxxxx Linker V03.00 + NoICE + sdld,  page 2.
Hexadecimal  [32-Bits]

Area                                    Addr        Size        Decimal Bytes (Attributes)
--------------------------------        ----        ----        ------- ----- ------------
_CODE                               00007CE3    00000B4E =        2894. bytes (REL,CON)

      Value  Global                              Global Defined In Module
      -----  --------------------------------   ------------------------
     00007CE3  _putchar                           iocs
     00007CE3  _putchar_start                     iocs
     00007CEC  _fddcmd                            iocs
     00007CEC  _fddcmd_start                      iocs
     00007CEC  _putchar_end                       iocs
     00007D28  _fddcmd_end                        iocs
     00007D28  _main                              main
     00007D28  _main_start                        main
     00007D31  _main_end                          main
     00007D4B  _vprintf                           vprintf
     00007D4B  _vprintf_start                     vprintf
     00007D6B  _printf                            vprintf
     00007D6B  _printf_start                      vprintf
     00007D6B  _vprintf_end                       vprintf
     00007D88  _printf_end                        vprintf
     00007E97  __print_format                     printf_large
     00007E97  __print_format_start               printf_large
     00008816  __print_format_end                 printf_large
     00008821  _strlen                            
     00008830  __sdcc_call_hl                     

ASxxxx Linker V03.00 + NoICE + sdld,  page 3.
Hexadecimal  [32-Bits]

Area                                    Addr        Size        Decimal Bytes (Attributes)
--------------------------------        ----        ----        ------- ----- ------------
_HEADER0                            00000000    00000006 =           6. bytes (ABS,CON)

      Value  Global                              Global Defined In Module
      -----  --------------------------------   ------------------------
ASxxxx Linker V03.00 + NoICE + sdld,  page 4.
Hexadecimal  [32-Bits]

Area                                    Addr        Size        Decimal Bytes (Attributes)
--------------------------------        ----        ----        ------- ----- ------------
_GSINIT                             00008831    00000000 =           0. bytes (REL,CON)

      Value  Global                              Global Defined In Module
      -----  --------------------------------   ------------------------
     00008831  gsinit                             crt0spc

ASxxxx Linker V03.00 + NoICE + sdld,  page 5.
Hexadecimal  [32-Bits]

Area                                    Addr        Size        Decimal Bytes (Attributes)
--------------------------------        ----        ----        ------- ----- ------------
_GSFINAL                            00008831    00000001 =           1. bytes (REL,CON)

      Value  Global                              Global Defined In Module
      -----  --------------------------------   ------------------------
ASxxxx Linker V03.00 + NoICE + sdld,  page 6.

Files Linked                              [ module(s) ]

crt0spc.rel                               [ crt0spc ]
iocs.rel                                  [ iocs ]
main.rel                                  [ main ]


Libraries Linked                          [ object file ]

C:\Program Files\SDCC\bin\..\lib\z80/z80.lib
                                          [ vprintf.rel ]
C:\Program Files\SDCC\bin\..\lib\z80/z80.lib
                                          [ printf_large.rel ]
C:\Program Files\SDCC\bin\..\lib\z80/z80.lib
                                          [ strlen.rel ]
C:\Program Files\SDCC\bin\..\lib\z80/z80.lib
                                          [ crtcall.rel ]

ASxxxx Linker V03.00 + NoICE + sdld,  page 7.

User Base Address Definitions

_CODE = 0x7ce3
_DATA = 0xd200

