ASxxxx Linker V03.00 + NoICE + sdld,  page 1.
Hexadecimal  [32-Bits]

Area                                    Addr        Size        Decimal Bytes (Attributes)
--------------------------------        ----        ----        ------- ----- ------------
.  .ABS.                            00000000    00000000 =           0. bytes (ABS,CON)

      Value  Global                              Global Defined In Module
      -----  --------------------------------   ------------------------
     00000000  .__.ABS.                           
     00000000  l__BSS                          
     00000000  l__CABS                         
     00000000  l__DABS                         
     00000000  l__GSINIT                       
     00000000  l__HEADER                       
     00000000  l__HEAP                         
     00000000  l__HOME                         
     00000000  l__INITIALIZED                  
     00000000  l__INITIALIZER                  
     00000000  s__CABS                         
     00000000  s__DABS                         
     00000000  s__HEADER                       
     00000000  s__HEADER0                      
     00000001  l__GSFINAL                      
     00000006  l__HEADER0                      
     00000FB7  l__CODE                         
     00001014  l__DATA                         
     00009000  s__DATA                         
     0000A014  s__GSFINAL                      
     0000A014  s__GSINIT                       
     0000A014  s__HOME                         
     0000A014  s__INITIALIZED                  
     0000A015  s__BSS                          
     0000A015  s__HEAP                         
     0000A015  s__INITIALIZER                  
     0000C000  s__CODE                         
ASxxxx Linker V03.00 + NoICE + sdld,  page 2.
Hexadecimal  [32-Bits]

Area                                    Addr        Size        Decimal Bytes (Attributes)
--------------------------------        ----        ----        ------- ----- ------------
_CODE                               0000C000    00000FB7 =        4023. bytes (REL,CON)

      Value  Global                              Global Defined In Module
      -----  --------------------------------   ------------------------
     0000C000  _main                              main
     0000C000  _main_start                        main
     0000C072  _main_end                          main
     0000C0E9  _dsk2dsk                           main
     0000C0E9  _dsk2dsk_start                     main
     0000C13B  _dsk2dsk_end                       main
     0000C169  _cas2dsk                           main
     0000C169  _cas2dsk_start                     main
     0000C1B8  _cas2dsk_end                       main
     0000C1F6  _dsk2cas                           main
     0000C1F6  _dsk2cas_start                     main
     0000C24E  _dsk2cas_end                       main
     0000C297  _dir                               main
     0000C297  _dir_start                         main
     0000C2DF  _dir_end                           main
     0000C2EB  _putchar                           iocs
     0000C2EB  _putchar_start                     iocs
     0000C2FA  _getchar                           iocs
     0000C2FA  _getchar_start                     iocs
     0000C2FA  _putchar_end                       iocs
     0000C308  _cas_load                          iocs
     0000C308  _cas_load_start                    iocs
     0000C308  _getchar_end                       iocs
     0000C332  _cas_load_end                      iocs
     0000C332  _cas_save                          iocs
     0000C332  _cas_save_start                    iocs
     0000C352  _cas_save_end                      iocs
     0000C352  _cls                               iocs
     0000C352  _cls_start                         iocs
     0000C356  _chkfdd                            sd725
     0000C356  _cls_end                           iocs
     0000C364  _sd_init                           sd725
     0000C382  _sd_read                           sd725
     0000C3C6  _sd_write                          sd725
     0000C407  _sd_format                         sd725
     0000C41D  _sd_drvstate                       sd725
     0000C427  _sd_sendstate                      sd725
     0000C431  _sd_load                           sd725
     0000C4D1  _vprintf                           vprintf
     0000C4D1  _vprintf_start                     vprintf
     0000C4F1  _printf                            vprintf
     0000C4F1  _printf_start                      vprintf
     0000C4F1  _vprintf_end                       vprintf
     0000C50E  _printf_end                        vprintf
     0000C61D  __print_format                     printf_large
     0000C61D  __print_format_start               printf_large
     0000CF9C  __print_format_end                 printf_large
     0000CFA7  _strlen                            
     0000CFB6  __sdcc_call_hl                     

ASxxxx Linker V03.00 + NoICE + sdld,  page 3.
Hexadecimal  [32-Bits]

Area                                    Addr        Size        Decimal Bytes (Attributes)
--------------------------------        ----        ----        ------- ----- ------------
_DATA                               00009000    00001014 =        4116. bytes (REL,CON)

      Value  Global                              Global Defined In Module
      -----  --------------------------------   ------------------------
     00009000  _data                              main
     0000A002  _FInfo                             iocs

ASxxxx Linker V03.00 + NoICE + sdld,  page 4.
Hexadecimal  [32-Bits]

Area                                    Addr        Size        Decimal Bytes (Attributes)
--------------------------------        ----        ----        ------- ----- ------------
_GSINIT                             0000A014    00000000 =           0. bytes (REL,CON)

      Value  Global                              Global Defined In Module
      -----  --------------------------------   ------------------------
     0000A014  gsinit                             crt0spc

ASxxxx Linker V03.00 + NoICE + sdld,  page 5.
Hexadecimal  [32-Bits]

Area                                    Addr        Size        Decimal Bytes (Attributes)
--------------------------------        ----        ----        ------- ----- ------------
_GSFINAL                            0000A014    00000001 =           1. bytes (REL,CON)

      Value  Global                              Global Defined In Module
      -----  --------------------------------   ------------------------
ASxxxx Linker V03.00 + NoICE + sdld,  page 6.
Hexadecimal  [32-Bits]

Area                                    Addr        Size        Decimal Bytes (Attributes)
--------------------------------        ----        ----        ------- ----- ------------
_HEADER0                            00000000    00000006 =           6. bytes (ABS,CON)

      Value  Global                              Global Defined In Module
      -----  --------------------------------   ------------------------
ASxxxx Linker V03.00 + NoICE + sdld,  page 7.

Files Linked                              [ module(s) ]

main.rel                                  [ main ]
iocs.rel                                  [ iocs ]
sd725.rel                                 [ sd725 ]
crt0spc.rel                               [ crt0spc ]


Libraries Linked                          [ object file ]

C:\Program Files\sdcc\bin\..\lib\z80/z80.lib
                                          [ vprintf.rel ]
C:\Program Files\sdcc\bin\..\lib\z80/z80.lib
                                          [ printf_large.rel ]
C:\Program Files\sdcc\bin\..\lib\z80/z80.lib
                                          [ strlen.rel ]
C:\Program Files\sdcc\bin\..\lib\z80/z80.lib
                                          [ crtcall.rel ]

ASxxxx Linker V03.00 + NoICE + sdld,  page 8.

User Base Address Definitions

_CODE = 0xc000
_DATA = 0x9000

